
> piano-reference@0.1.0 build
> next build

▲ Next.js 16.3.4 (Turbopack)
✓ Running next.config.ts took 53ms

  Creating an optimized production build ...
✓ Compiled successfully in 768ms
  Running TypeScript ...
  Finished TypeScript in 2.7s ...
  Collecting page data using 11 workers ...
  Generating static pages using 11 workers (0/19) ...
  Generating static pages using 11 workers (4/19) 
  Generating static pages using 11 workers (9/19) 
  Generating static pages using 11 workers (14/19) 
✓ Generating static pages using 11 workers (19/19) in 2.6s
  Finalizing page optimization ...

Route (app)
┌ ○ /
├ ○ /_not-found
├ ○ /chords
├ ○ /chords/a-major
├ ○ /chords/a-minor
├ ○ /chords/c-major
├ ○ /guide
├ ○ /guide/read-sheet-music
├ ○ /keyboard-notes
├ ○ /keyboard-notes/chart
├ ○ /keyboard-notes/labeled
├ ○ /scales
├ ○ /scales/a-minor
├ ○ /scales/c-major
├ ○ /songs
├ ○ /songs/easy
├ ○ /tools
└ ○ /tools/blank-sheet-music


○  (Static)  prerendered as static content

