FAIL Protected source unchanged: docs/content/site-master/A-Scales/batch-page-content.json 
FAIL Protected source unchanged: docs/content/site-master/A-Scales/batch-source-ledger.md 
FAIL Protected source unchanged: docs/content/site-master/assets/blank-keyboard-13-keys.svg 
FAIL Protected source unchanged: docs/content/site-master/assets/blank-keyboard-25-keys.svg 
FAIL Protected source unchanged: docs/content/site-master/assets/Bravura-LICENSE.txt 
FAIL Protected source unchanged: docs/content/site-master/preserved-chords/assets/a-flat-major--root.svg 
FAIL Protected source unchanged: docs/content/site-master/preserved-chords/assets/a-major--root.svg 
FAIL Protected source unchanged: docs/content/site-master/preserved-chords/assets/a-minor--first.svg 
FAIL Protected source unchanged: docs/content/site-master/preserved-chords/assets/a-minor--root.svg 
FAIL Protected source unchanged: docs/content/site-master/preserved-chords/assets/a-minor--second.svg 
FAIL Protected source unchanged: docs/content/site-master/preserved-chords/assets/b-major--root.svg 
FAIL Protected source unchanged: docs/content/site-master/preserved-chords/assets/c-flat-major--root.svg 
FAIL Protected source unchanged: docs/content/site-master/preserved-chords/assets/c-major--root.svg 
FAIL Protected source unchanged: docs/content/site-master/preserved-chords/assets/c-minor--root.svg 
FAIL Protected source unchanged: docs/content/site-master/preserved-chords/assets/e-major--root.svg 
FAIL Protected source unchanged: docs/content/site-master/preserved-chords/assets/g-major--root.svg 
FAIL Protected source unchanged: docs/content/site-master/source-ledger.master.md 
FAIL Protected source unchanged: docs/design/piano-final/chords/a-minor/index.html 
FAIL Protected source unchanged: docs/design/piano-final/index.html 
FAIL Protected source unchanged: docs/design/piano-final/requirements-dev.txt 
FAIL Protected source unchanged: docs/design/piano-final/source/app.js 
FAIL Protected source unchanged: docs/design/piano-final/source/browser_config.py 
FAIL Protected source unchanged: docs/design/piano-final/source/build.py 
FAIL Protected source unchanged: docs/design/piano-final/source/render.py 
FAIL Protected source unchanged: docs/design/piano-final/source/verify.py 
FAIL Protected source unchanged: docs/design/reference/final-a-minor.html 
Integration data: 126 passed, 26 failed.
