(node:75012) [MODULE_TYPELESS_PACKAGE_JSON] Warning: Module type of file:///C:/Users/Admin/Documents/viviyang_github/piano-component-audit/src/lib/site-routes.ts is not specified and it doesn't parse as CommonJS.
Reparsing as ES module because module syntax was detected. This incurs a performance overhead.
To eliminate this warning, add "type": "module" to C:\Users\Admin\Documents\viviyang_github\piano-component-audit\package.json.
(Use `node --trace-warnings ...` to show where the warning was created)
node:internal/modules/esm/resolve:275
    throw new ERR_MODULE_NOT_FOUND(
          ^

Error [ERR_MODULE_NOT_FOUND]: Cannot find module 'C:\Users\Admin\Documents\viviyang_github\piano-component-audit\src\lib\site-config' imported from C:\Users\Admin\Documents\viviyang_github\piano-component-audit\src\lib\seo-editorial.ts
    at finalizeResolution (node:internal/modules/esm/resolve:275:11)
    at moduleResolve (node:internal/modules/esm/resolve:865:10)
    at defaultResolve (node:internal/modules/esm/resolve:991:11)
    at #cachedDefaultResolve (node:internal/modules/esm/loader:719:20)
    at #resolveAndMaybeBlockOnLoaderThread (node:internal/modules/esm/loader:736:38)
    at ModuleLoader.resolveSync (node:internal/modules/esm/loader:765:52)
    at #resolve (node:internal/modules/esm/loader:701:17)
    at ModuleLoader.getOrCreateModuleJob (node:internal/modules/esm/loader:621:35)
    at ModuleJob.syncLink (node:internal/modules/esm/module_job:160:33)
    at ModuleJob.link (node:internal/modules/esm/module_job:245:17) {
  code: 'ERR_MODULE_NOT_FOUND',
  url: 'file:///C:/Users/Admin/Documents/viviyang_github/piano-component-audit/src/lib/site-config'
}

Node.js v24.14.1
