
> piano-reference@0.1.0 build
> next build

▲ Next.js 16.3.4 (Turbopack)
✓ Running next.config.ts took 50ms

  Creating an optimized production build ...
✓ Compiled successfully in 2.0s
  Running TypeScript ...
  Finished TypeScript in 4.3s ...
  Collecting page data using 7 workers ...
  Generating static pages using 7 workers (0/6) ...
  Generating static pages using 7 workers (1/6) 
  Generating static pages using 7 workers (2/6) 
  Generating static pages using 7 workers (4/6) 
✓ Generating static pages using 7 workers (6/6) in 1758ms
  Finalizing page optimization ...

Route (app)
┌ ○ /_not-found
├ ○ /chords
├ ○ /chords/a-major
├ ○ /chords/a-minor
└ ○ /chords/c-major


○  (Static)  prerendered as static content

exit_code=0
