Syntax Error (8736): Illegal character <27> in hex string
Syntax Error (8737): Illegal character <72> in hex string
Syntax Error (8738): Illegal character <4c> in hex string
Syntax Error (8740): Illegal character <2b> in hex string
Syntax Error (8742): Illegal character <21> in hex string
Syntax Error (8743): Illegal character <60> in hex string
Syntax Error (8746): Illegal character <71> in hex string
Syntax Error (8748): Illegal character <4e> in hex string
Syntax Error (8749): Illegal character <6f> in hex string
Syntax Error (8752): Illegal character <5a> in hex string
Syntax Error (8754): Illegal character <6a> in hex string
Syntax Error (8755): Illegal character <40> in hex string
Syntax Error (8757): Illegal character <5d> in hex string
Syntax Error (8759): Illegal character <6d> in hex string
Syntax Error (8761): Illegal character <6d> in hex string
Syntax Error (8762): Illegal character <51> in hex string
Syntax Error (8763): Illegal character <47> in hex string
Syntax Error (8764): Illegal character <2e> in hex string
Syntax Error (8765): Illegal character <5b> in hex string
Syntax Error (8766): Illegal character <5f> in hex string
Syntax Error (8768): Illegal character <6f> in hex string
Syntax Error (8770): Illegal character <2d> in hex string
Syntax Error (8771): Illegal character <2c> in hex string
Syntax Error (8772): Illegal character <2e> in hex string
Syntax Error (8773): Illegal character <2f> in hex string
Syntax Error (8775): Illegal character <68> in hex string
Syntax Error (8777): Illegal character <3c> in hex string
Syntax Error (8778): Illegal character <4d> in hex string
Syntax Error (8779): Illegal character <55> in hex string
Syntax Error (8780): Illegal character <68> in hex string
Syntax Error (8781): Illegal character <5f> in hex string
Syntax Error (8782): Illegal character <2c> in hex string
Syntax Error (8783): Illegal character <70> in hex string
Syntax Error (8784): Illegal character <2e> in hex string
Syntax Error (8785): Illegal character <40> in hex string
Syntax Error (8787): Illegal character <4c> in hex string
Syntax Error (8788): Illegal character <7e> in hex string
Syntax Error: No display font for 'Symbol'
Syntax Error: No display font for 'ArialNarrow'
Syntax Error: No display font for 'ArialNarrow,Bold'
Syntax Error: No display font for 'ArialNarrow,Italic'
Syntax Error: No display font for 'ArialNarrow,BoldItalic'
Syntax Error: No display font for 'ArialNarrow-Bold'
Syntax Error: No display font for 'ArialNarrow-Italic'
Syntax Error: No display font for 'ArialNarrow-BoldItalic'
Syntax Error: No display font for 'HelveticaNarrow'
Syntax Error: No display font for 'HelveticaNarrow,Bold'
Syntax Error: No display font for 'HelveticaNarrow,Italic'
Syntax Error: No display font for 'HelveticaNarrow,BoldItalic'
Syntax Error: No display font for 'HelveticaNarrow-Bold'
Syntax Error: No display font for 'HelveticaNarrow-Italic'
Syntax Error: No display font for 'HelveticaNarrow-BoldItalic'
Syntax Error: No display font for 'BookAntiqua'
Syntax Error: No display font for 'BookAntiqua,Bold'
Syntax Error: No display font for 'BookAntiqua,Italic'
Syntax Error: No display font for 'BookAntiqua,BoldItalic'
Syntax Error: No display font for 'BookAntiqua-Bold'
Syntax Error: No display font for 'BookAntiqua-Italic'
Syntax Error: No display font for 'BookAntiqua-BoldItalic'
Syntax Error: No display font for 'ArialUnicode'
