Syntax Error (8691): Illegal character <27> in hex string
Syntax Error (8692): Illegal character <72> in hex string
Syntax Error (8693): Illegal character <4c> in hex string
Syntax Error (8695): Illegal character <2b> in hex string
Syntax Error (8697): Illegal character <21> in hex string
Syntax Error (8698): Illegal character <60> in hex string
Syntax Error (8701): Illegal character <71> in hex string
Syntax Error (8703): Illegal character <4e> in hex string
Syntax Error (8704): Illegal character <6f> in hex string
Syntax Error (8707): Illegal character <5a> in hex string
Syntax Error (8709): Illegal character <6a> in hex string
Syntax Error (8710): Illegal character <40> in hex string
Syntax Error (8712): Illegal character <5d> in hex string
Syntax Error (8714): Illegal character <6d> in hex string
Syntax Error (8716): Illegal character <6d> in hex string
Syntax Error (8717): Illegal character <51> in hex string
Syntax Error (8718): Illegal character <47> in hex string
Syntax Error (8719): Illegal character <2e> in hex string
Syntax Error (8720): Illegal character <5b> in hex string
Syntax Error (8721): Illegal character <5f> in hex string
Syntax Error (8723): Illegal character <6f> in hex string
Syntax Error (8725): Illegal character <2d> in hex string
Syntax Error (8726): Illegal character <2c> in hex string
Syntax Error (8727): Illegal character <2e> in hex string
Syntax Error (8728): Illegal character <2f> in hex string
Syntax Error (8730): Illegal character <68> in hex string
Syntax Error (8732): Illegal character <3c> in hex string
Syntax Error (8733): Illegal character <4d> in hex string
Syntax Error (8734): Illegal character <55> in hex string
Syntax Error (8735): Illegal character <68> in hex string
Syntax Error (8736): Illegal character <5f> in hex string
Syntax Error (8737): Illegal character <2c> in hex string
Syntax Error (8738): Illegal character <70> in hex string
Syntax Error (8739): Illegal character <2e> in hex string
Syntax Error (8740): Illegal character <40> in hex string
Syntax Error (8742): Illegal character <4c> in hex string
Syntax Error (8743): Illegal character <7e> in hex string
Syntax Error: No display font for 'Symbol'
Syntax Error: No display font for 'ArialNarrow'
Syntax Error: No display font for 'ArialNarrow,Bold'
Syntax Error: No display font for 'ArialNarrow,Italic'
Syntax Error: No display font for 'ArialNarrow,BoldItalic'
Syntax Error: No display font for 'ArialNarrow-Bold'
Syntax Error: No display font for 'ArialNarrow-Italic'
Syntax Error: No display font for 'ArialNarrow-BoldItalic'
Syntax Error: No display font for 'HelveticaNarrow'
Syntax Error: No display font for 'HelveticaNarrow,Bold'
Syntax Error: No display font for 'HelveticaNarrow,Italic'
Syntax Error: No display font for 'HelveticaNarrow,BoldItalic'
Syntax Error: No display font for 'HelveticaNarrow-Bold'
Syntax Error: No display font for 'HelveticaNarrow-Italic'
Syntax Error: No display font for 'HelveticaNarrow-BoldItalic'
Syntax Error: No display font for 'BookAntiqua'
Syntax Error: No display font for 'BookAntiqua,Bold'
Syntax Error: No display font for 'BookAntiqua,Italic'
Syntax Error: No display font for 'BookAntiqua,BoldItalic'
Syntax Error: No display font for 'BookAntiqua-Bold'
Syntax Error: No display font for 'BookAntiqua-Italic'
Syntax Error: No display font for 'BookAntiqua-BoldItalic'
Syntax Error: No display font for 'ArialUnicode'
