Syntax Error: No display font for 'Symbol'
Syntax Error: No display font for 'ArialNarrow'
Syntax Error: No display font for 'ArialNarrow,Bold'
Syntax Error: No display font for 'ArialNarrow,Italic'
Syntax Error: No display font for 'ArialNarrow,BoldItalic'
Syntax Error: No display font for 'ArialNarrow-Bold'
Syntax Error: No display font for 'ArialNarrow-Italic'
Syntax Error: No display font for 'ArialNarrow-BoldItalic'
Syntax Error: No display font for 'HelveticaNarrow'
Syntax Error: No display font for 'HelveticaNarrow,Bold'
Syntax Error: No display font for 'HelveticaNarrow,Italic'
Syntax Error: No display font for 'HelveticaNarrow,BoldItalic'
Syntax Error: No display font for 'HelveticaNarrow-Bold'
Syntax Error: No display font for 'HelveticaNarrow-Italic'
Syntax Error: No display font for 'HelveticaNarrow-BoldItalic'
Syntax Error: No display font for 'BookAntiqua'
Syntax Error: No display font for 'BookAntiqua,Bold'
Syntax Error: No display font for 'BookAntiqua,Italic'
Syntax Error: No display font for 'BookAntiqua,BoldItalic'
Syntax Error: No display font for 'BookAntiqua-Bold'
Syntax Error: No display font for 'BookAntiqua-Italic'
Syntax Error: No display font for 'BookAntiqua-BoldItalic'
Syntax Error: No display font for 'ArialUnicode'
