
> piano-reference@0.1.0 build
> next build

▲ Next.js 16.3.4 (Turbopack)
✓ Running next.config.ts took 41ms

  Creating an optimized production build ...
✓ Compiled successfully in 1711ms
  Running TypeScript ...
  Finished TypeScript in 3.8s ...
  Collecting page data using 11 workers ...
  Generating static pages using 11 workers (0/12) ...
  Generating static pages using 11 workers (3/12) 
  Generating static pages using 11 workers (6/12) 
  Generating static pages using 11 workers (9/12) 
✓ Generating static pages using 11 workers (12/12) in 1748ms
  Finalizing page optimization ...

Route (app)
┌ ○ /_not-found
├ ○ /chords
├ ○ /chords/a-major
├ ○ /chords/a-minor
├ ○ /chords/c-major
├ ○ /keyboard-notes
├ ○ /keyboard-notes/chart
├ ○ /keyboard-notes/labeled
├ ○ /scales
├ ○ /scales/a-minor
└ ○ /scales/c-major


○  (Static)  prerendered as static content

